// Jest Snapshot v1, https://goo.gl/fbAQLP

exports[`should render EditExpensepage  1`] = `
<div>
  <ExpenseForm
    editExpense={[Function]}
    expense={
      Object {
        "amount": 4500,
        "createdAt": 345600000,
        "description": "Credit Card",
        "id": "3",
        "note": "",
      }
    }
  />
  <button
    onClick={[Function]}
  >
    Remove
  </button>
</div>
`;
